node.exe : error: 
unknown option 
'-ErrorAction'
At line:1 char:1
+ & "C:\Program 
Files\nodejs/node.exe" 
"C:\Program 
Files\nodejs/node_mo 
...
+ ~~~~~~~~~~~~~~~~~~~~~
~~~~~~~~~~~~~~~~~~~~~~~
~~~~~~~~~~~~~~~~~~~~~~~
~~
    + CategoryInfo     
         : 
NotSpecified: (err    
or: unknown option '-E 
   rrorAction':String) 
[]    , RemoteException
    + 
FullyQualifiedErrorI   
 d : NativeCommandError
 
